Archive member included to satisfy reference by file (symbol)

c:/program files (x86)/atmel/studio/7.0/toolchain/avr8/avr8-gnu-toolchain/bin/../lib/gcc/avr/5.4.0/avr5\libgcc.a(_exit.o)
                              C:/Program Files (x86)/Atmel/Studio/7.0/Packs/Atmel/ATmega_DFP/1.3.300/gcc/dev/atmega64/avr5/crtatmega64.o (exit)
c:/program files (x86)/atmel/studio/7.0/toolchain/avr8/avr8-gnu-toolchain/bin/../lib/gcc/avr/5.4.0/avr5\libgcc.a(_clear_bss.o)
                              Interrupt.o (__do_clear_bss)

Allocating common symbols
Common symbol       size              file

PWM_RGB1_Rot        0x1               Interrupt.o
PWM_RGB2_Gruen      0x1               Interrupt.o
PWM_RGB1_Blau       0x1               Interrupt.o
PWM_RGB2_Blau       0x1               Interrupt.o
PWM_Lufter1         0x1               Interrupt.o
PWM_RGB1_Gruen      0x1               Interrupt.o
TxBuffer            0x80              Interrupt.o
PWM_Pumpe           0x1               Interrupt.o
PWM_RGB2_Rot        0x1               Interrupt.o
PWM_Lufter2         0x1               Interrupt.o

Discarded input sections

 .data          0x00000000        0x0 C:/Program Files (x86)/Atmel/Studio/7.0/Packs/Atmel/ATmega_DFP/1.3.300/gcc/dev/atmega64/avr5/crtatmega64.o
 .bss           0x00000000        0x0 C:/Program Files (x86)/Atmel/Studio/7.0/Packs/Atmel/ATmega_DFP/1.3.300/gcc/dev/atmega64/avr5/crtatmega64.o
 .text          0x00000000        0x0 Interrupt.o
 .data          0x00000000        0x0 Interrupt.o
 .bss           0x00000000        0x0 Interrupt.o
 .text          0x00000000        0x0 main.o
 .data          0x00000000        0x0 main.o
 .bss           0x00000000        0x0 main.o
 .text          0x00000000        0x0 MyInit.o
 .data          0x00000000        0x0 MyInit.o
 .bss           0x00000000        0x0 MyInit.o
 .text          0x00000000        0x0 Port_Funktion.o
 .data          0x00000000        0x0 Port_Funktion.o
 .bss           0x00000000        0x0 Port_Funktion.o
 .text.Set_SM1_1
                0x00000000       0x10 Port_Funktion.o
 .text.Set_SM1_2
                0x00000000       0x10 Port_Funktion.o
 .text.Set_SM1_3
                0x00000000       0x20 Port_Funktion.o
 .text.Set_SM1_4
                0x00000000       0x20 Port_Funktion.o
 .text.Set_SM2_1
                0x00000000       0x10 Port_Funktion.o
 .text.Set_SM2_2
                0x00000000       0x10 Port_Funktion.o
 .text.Set_SM2_3
                0x00000000       0x10 Port_Funktion.o
 .text.Set_SM2_4
                0x00000000       0x10 Port_Funktion.o
 .text.Set_UART_DIR
                0x00000000       0x10 Port_Funktion.o
 .text.Get_Input1
                0x00000000       0x1e Port_Funktion.o
 .text.Get_Input2
                0x00000000       0x1e Port_Funktion.o
 .text.Get_Stop
                0x00000000       0x1e Port_Funktion.o
 .text.Get_Start
                0x00000000       0x1e Port_Funktion.o
 .text.Get_Dbg1
                0x00000000       0x1e Port_Funktion.o
 .text.ADC_Messung
                0x00000000       0x2a Port_Funktion.o
 .text.Get_GND_Humi1
                0x00000000        0x8 Port_Funktion.o
 .text.Get_GND_Humi2
                0x00000000        0x8 Port_Funktion.o
 .text.Get_Voltage
                0x00000000        0x8 Port_Funktion.o
 .text.Get_Current
                0x00000000        0x8 Port_Funktion.o
 .text          0x00000000        0x0 Reset.o
 .data          0x00000000        0x0 Reset.o
 .bss           0x00000000        0x0 Reset.o
 .text          0x00000000        0x0 RxTx.o
 .data          0x00000000        0x0 RxTx.o
 .bss           0x00000000        0x0 RxTx.o
 .text          0x00000000        0x0 Sub.o
 .data          0x00000000        0x0 Sub.o
 .bss           0x00000000        0x0 Sub.o
 .text          0x00000000        0x0 c:/program files (x86)/atmel/studio/7.0/toolchain/avr8/avr8-gnu-toolchain/bin/../lib/gcc/avr/5.4.0/avr5\libgcc.a(_exit.o)
 .data          0x00000000        0x0 c:/program files (x86)/atmel/studio/7.0/toolchain/avr8/avr8-gnu-toolchain/bin/../lib/gcc/avr/5.4.0/avr5\libgcc.a(_exit.o)
 .bss           0x00000000        0x0 c:/program files (x86)/atmel/studio/7.0/toolchain/avr8/avr8-gnu-toolchain/bin/../lib/gcc/avr/5.4.0/avr5\libgcc.a(_exit.o)
 .text.libgcc.mul
                0x00000000        0x0 c:/program files (x86)/atmel/studio/7.0/toolchain/avr8/avr8-gnu-toolchain/bin/../lib/gcc/avr/5.4.0/avr5\libgcc.a(_exit.o)
 .text.libgcc.div
                0x00000000        0x0 c:/program files (x86)/atmel/studio/7.0/toolchain/avr8/avr8-gnu-toolchain/bin/../lib/gcc/avr/5.4.0/avr5\libgcc.a(_exit.o)
 .text.libgcc   0x00000000        0x0 c:/program files (x86)/atmel/studio/7.0/toolchain/avr8/avr8-gnu-toolchain/bin/../lib/gcc/avr/5.4.0/avr5\libgcc.a(_exit.o)
 .text.libgcc.prologue
                0x00000000        0x0 c:/program files (x86)/atmel/studio/7.0/toolchain/avr8/avr8-gnu-toolchain/bin/../lib/gcc/avr/5.4.0/avr5\libgcc.a(_exit.o)
 .text.libgcc.builtins
                0x00000000        0x0 c:/program files (x86)/atmel/studio/7.0/toolchain/avr8/avr8-gnu-toolchain/bin/../lib/gcc/avr/5.4.0/avr5\libgcc.a(_exit.o)
 .text.libgcc.fmul
                0x00000000        0x0 c:/program files (x86)/atmel/studio/7.0/toolchain/avr8/avr8-gnu-toolchain/bin/../lib/gcc/avr/5.4.0/avr5\libgcc.a(_exit.o)
 .text.libgcc.fixed
                0x00000000        0x0 c:/program files (x86)/atmel/studio/7.0/toolchain/avr8/avr8-gnu-toolchain/bin/../lib/gcc/avr/5.4.0/avr5\libgcc.a(_exit.o)
 .text          0x00000000        0x0 c:/program files (x86)/atmel/studio/7.0/toolchain/avr8/avr8-gnu-toolchain/bin/../lib/gcc/avr/5.4.0/avr5\libgcc.a(_clear_bss.o)
 .data          0x00000000        0x0 c:/program files (x86)/atmel/studio/7.0/toolchain/avr8/avr8-gnu-toolchain/bin/../lib/gcc/avr/5.4.0/avr5\libgcc.a(_clear_bss.o)
 .bss           0x00000000        0x0 c:/program files (x86)/atmel/studio/7.0/toolchain/avr8/avr8-gnu-toolchain/bin/../lib/gcc/avr/5.4.0/avr5\libgcc.a(_clear_bss.o)
 .text.libgcc.mul
                0x00000000        0x0 c:/program files (x86)/atmel/studio/7.0/toolchain/avr8/avr8-gnu-toolchain/bin/../lib/gcc/avr/5.4.0/avr5\libgcc.a(_clear_bss.o)
 .text.libgcc.div
                0x00000000        0x0 c:/program files (x86)/atmel/studio/7.0/toolchain/avr8/avr8-gnu-toolchain/bin/../lib/gcc/avr/5.4.0/avr5\libgcc.a(_clear_bss.o)
 .text.libgcc   0x00000000        0x0 c:/program files (x86)/atmel/studio/7.0/toolchain/avr8/avr8-gnu-toolchain/bin/../lib/gcc/avr/5.4.0/avr5\libgcc.a(_clear_bss.o)
 .text.libgcc.prologue
                0x00000000        0x0 c:/program files (x86)/atmel/studio/7.0/toolchain/avr8/avr8-gnu-toolchain/bin/../lib/gcc/avr/5.4.0/avr5\libgcc.a(_clear_bss.o)
 .text.libgcc.builtins
                0x00000000        0x0 c:/program files (x86)/atmel/studio/7.0/toolchain/avr8/avr8-gnu-toolchain/bin/../lib/gcc/avr/5.4.0/avr5\libgcc.a(_clear_bss.o)
 .text.libgcc.fmul
                0x00000000        0x0 c:/program files (x86)/atmel/studio/7.0/toolchain/avr8/avr8-gnu-toolchain/bin/../lib/gcc/avr/5.4.0/avr5\libgcc.a(_clear_bss.o)
 .text.libgcc.fixed
                0x00000000        0x0 c:/program files (x86)/atmel/studio/7.0/toolchain/avr8/avr8-gnu-toolchain/bin/../lib/gcc/avr/5.4.0/avr5\libgcc.a(_clear_bss.o)

Memory Configuration

Name             Origin             Length             Attributes
text             0x00000000         0x00020000         xr
data             0x00800060         0x0000ffa0         rw !x
eeprom           0x00810000         0x00010000         rw !x
fuse             0x00820000         0x00000003         rw !x
lock             0x00830000         0x00000400         rw !x
signature        0x00840000         0x00000400         rw !x
user_signatures  0x00850000         0x00000400         rw !x
*default*        0x00000000         0xffffffff

Linker script and memory map

Address of section .data set to 0x800100
LOAD C:/Program Files (x86)/Atmel/Studio/7.0/Packs/Atmel/ATmega_DFP/1.3.300/gcc/dev/atmega64/avr5/crtatmega64.o
LOAD Interrupt.o
LOAD main.o
LOAD MyInit.o
LOAD Port_Funktion.o
LOAD Reset.o
LOAD RxTx.o
LOAD Sub.o
START GROUP
LOAD c:/program files (x86)/atmel/studio/7.0/toolchain/avr8/avr8-gnu-toolchain/bin/../lib/gcc/avr/5.4.0/../../../../avr/lib/avr5\libm.a
END GROUP
START GROUP
LOAD c:/program files (x86)/atmel/studio/7.0/toolchain/avr8/avr8-gnu-toolchain/bin/../lib/gcc/avr/5.4.0/avr5\libgcc.a
LOAD c:/program files (x86)/atmel/studio/7.0/toolchain/avr8/avr8-gnu-toolchain/bin/../lib/gcc/avr/5.4.0/../../../../avr/lib/avr5\libm.a
LOAD c:/program files (x86)/atmel/studio/7.0/toolchain/avr8/avr8-gnu-toolchain/bin/../lib/gcc/avr/5.4.0/../../../../avr/lib/avr5\libc.a
LOAD C:/Program Files (x86)/Atmel/Studio/7.0/Packs/Atmel/ATmega_DFP/1.3.300/gcc/dev/atmega64/avr5\libatmega64.a
END GROUP
                0x00000000                __TEXT_REGION_ORIGIN__ = DEFINED (__TEXT_REGION_ORIGIN__)?__TEXT_REGION_ORIGIN__:0x0
                0x00800060                __DATA_REGION_ORIGIN__ = DEFINED (__DATA_REGION_ORIGIN__)?__DATA_REGION_ORIGIN__:0x800060
                0x00020000                __TEXT_REGION_LENGTH__ = DEFINED (__TEXT_REGION_LENGTH__)?__TEXT_REGION_LENGTH__:0x20000
                0x0000ffa0                __DATA_REGION_LENGTH__ = DEFINED (__DATA_REGION_LENGTH__)?__DATA_REGION_LENGTH__:0xffa0
                0x00010000                __EEPROM_REGION_LENGTH__ = DEFINED (__EEPROM_REGION_LENGTH__)?__EEPROM_REGION_LENGTH__:0x10000
                [0x00000003]                __FUSE_REGION_LENGTH__ = DEFINED (__FUSE_REGION_LENGTH__)?__FUSE_REGION_LENGTH__:0x400
                0x00000400                __LOCK_REGION_LENGTH__ = DEFINED (__LOCK_REGION_LENGTH__)?__LOCK_REGION_LENGTH__:0x400
                0x00000400                __SIGNATURE_REGION_LENGTH__ = DEFINED (__SIGNATURE_REGION_LENGTH__)?__SIGNATURE_REGION_LENGTH__:0x400
                0x00000400                __USER_SIGNATURE_REGION_LENGTH__ = DEFINED (__USER_SIGNATURE_REGION_LENGTH__)?__USER_SIGNATURE_REGION_LENGTH__:0x400

.hash
 *(.hash)

.dynsym
 *(.dynsym)

.dynstr
 *(.dynstr)

.gnu.version
 *(.gnu.version)

.gnu.version_d
 *(.gnu.version_d)

.gnu.version_r
 *(.gnu.version_r)

.rel.init
 *(.rel.init)

.rela.init
 *(.rela.init)

.rel.text
 *(.rel.text)
 *(.rel.text.*)
 *(.rel.gnu.linkonce.t*)

.rela.text
 *(.rela.text)
 *(.rela.text.*)
 *(.rela.gnu.linkonce.t*)

.rel.fini
 *(.rel.fini)

.rela.fini
 *(.rela.fini)

.rel.rodata
 *(.rel.rodata)
 *(.rel.rodata.*)
 *(.rel.gnu.linkonce.r*)

.rela.rodata
 *(.rela.rodata)
 *(.rela.rodata.*)
 *(.rela.gnu.linkonce.r*)

.rel.data
 *(.rel.data)
 *(.rel.data.*)
 *(.rel.gnu.linkonce.d*)

.rela.data
 *(.rela.data)
 *(.rela.data.*)
 *(.rela.gnu.linkonce.d*)

.rel.ctors
 *(.rel.ctors)

.rela.ctors
 *(.rela.ctors)

.rel.dtors
 *(.rel.dtors)

.rela.dtors
 *(.rela.dtors)

.rel.got
 *(.rel.got)

.rela.got
 *(.rela.got)

.rel.bss
 *(.rel.bss)

.rela.bss
 *(.rela.bss)

.rel.plt
 *(.rel.plt)

.rela.plt
 *(.rela.plt)

.text           0x00000000      0x6d6
 *(.vectors)
 .vectors       0x00000000       0x8c C:/Program Files (x86)/Atmel/Studio/7.0/Packs/Atmel/ATmega_DFP/1.3.300/gcc/dev/atmega64/avr5/crtatmega64.o
                0x00000000                __vector_default
                0x00000000                __vectors
 *(.vectors)
 *(.progmem.gcc*)
                0x0000008c                . = ALIGN (0x2)
                0x0000008c                __trampolines_start = .
 *(.trampolines)
 .trampolines   0x0000008c        0x0 linker stubs
 *(.trampolines*)
                0x0000008c                __trampolines_end = .
 *libprintf_flt.a:*(.progmem.data)
 *libc.a:*(.progmem.data)
 *(.progmem*)
                0x0000008c                . = ALIGN (0x2)
 *(.jumptables)
 *(.jumptables*)
 *(.lowtext)
 *(.lowtext*)
                0x0000008c                __ctors_start = .
 *(.ctors)
                0x0000008c                __ctors_end = .
                0x0000008c                __dtors_start = .
 *(.dtors)
                0x0000008c                __dtors_end = .
 SORT(*)(.ctors)
 SORT(*)(.dtors)
 *(.init0)
 .init0         0x0000008c        0x0 C:/Program Files (x86)/Atmel/Studio/7.0/Packs/Atmel/ATmega_DFP/1.3.300/gcc/dev/atmega64/avr5/crtatmega64.o
                0x0000008c                __init
 *(.init0)
 *(.init1)
 *(.init1)
 *(.init2)
 .init2         0x0000008c        0xc C:/Program Files (x86)/Atmel/Studio/7.0/Packs/Atmel/ATmega_DFP/1.3.300/gcc/dev/atmega64/avr5/crtatmega64.o
 *(.init2)
 *(.init3)
 *(.init3)
 *(.init4)
 .init4         0x00000098       0x10 c:/program files (x86)/atmel/studio/7.0/toolchain/avr8/avr8-gnu-toolchain/bin/../lib/gcc/avr/5.4.0/avr5\libgcc.a(_clear_bss.o)
                0x00000098                __do_clear_bss
 *(.init4)
 *(.init5)
 *(.init5)
 *(.init6)
 *(.init6)
 *(.init7)
 *(.init7)
 *(.init8)
 *(.init8)
 *(.init9)
 .init9         0x000000a8        0x8 C:/Program Files (x86)/Atmel/Studio/7.0/Packs/Atmel/ATmega_DFP/1.3.300/gcc/dev/atmega64/avr5/crtatmega64.o
 *(.init9)
 *(.text)
 .text          0x000000b0        0x4 C:/Program Files (x86)/Atmel/Studio/7.0/Packs/Atmel/ATmega_DFP/1.3.300/gcc/dev/atmega64/avr5/crtatmega64.o
                0x000000b0                __vector_22
                0x000000b0                __vector_28
                0x000000b0                __vector_1
                0x000000b0                __vector_32
                0x000000b0                __vector_34
                0x000000b0                __vector_24
                0x000000b0                __bad_interrupt
                0x000000b0                __vector_6
                0x000000b0                __vector_31
                0x000000b0                __vector_3
                0x000000b0                __vector_23
                0x000000b0                __vector_30
                0x000000b0                __vector_25
                0x000000b0                __vector_11
                0x000000b0                __vector_13
                0x000000b0                __vector_17
                0x000000b0                __vector_19
                0x000000b0                __vector_7
                0x000000b0                __vector_27
                0x000000b0                __vector_5
                0x000000b0                __vector_33
                0x000000b0                __vector_4
                0x000000b0                __vector_2
                0x000000b0                __vector_21
                0x000000b0                __vector_29
                0x000000b0                __vector_8
                0x000000b0                __vector_26
                0x000000b0                __vector_14
                0x000000b0                __vector_10
                0x000000b0                __vector_16
                0x000000b0                __vector_20
                0x000000b4                . = ALIGN (0x2)
 *(.text.*)
 .text.__vector_15
                0x000000b4      0x13c Interrupt.o
                0x000000b4                __vector_15
 .text.__vector_12
                0x000001f0       0x14 Interrupt.o
                0x000001f0                __vector_12
 .text.__vector_9
                0x00000204       0xd2 Interrupt.o
                0x00000204                __vector_9
 .text.main     0x000002d6       0x4a main.o
                0x000002d6                main
 .text.MyInitProgramm
                0x00000320       0x50 MyInit.o
                0x00000320                MyInitProgramm
 .text.Set_Pumpe
                0x00000370       0x1a Port_Funktion.o
                0x00000370                Set_Pumpe
 .text.Set_Heizung
                0x0000038a       0x2a Port_Funktion.o
                0x0000038a                Set_Heizung
 .text.Set_Lufter1
                0x000003b4       0x1a Port_Funktion.o
                0x000003b4                Set_Lufter1
 .text.Set_Lufter2
                0x000003ce       0x1a Port_Funktion.o
                0x000003ce                Set_Lufter2
 .text.Set_RGB1_ROT
                0x000003e8       0x1a Port_Funktion.o
                0x000003e8                Set_RGB1_ROT
 .text.Set_RGB1_GRUEN
                0x00000402       0x1a Port_Funktion.o
                0x00000402                Set_RGB1_GRUEN
 .text.Set_RGB1_BLAU
                0x0000041c       0x1a Port_Funktion.o
                0x0000041c                Set_RGB1_BLAU
 .text.Set_RGB2_ROT
                0x00000436       0x1a Port_Funktion.o
                0x00000436                Set_RGB2_ROT
 .text.Set_RGB2_GRUEN
                0x00000450       0x2a Port_Funktion.o
                0x00000450                Set_RGB2_GRUEN
 .text.Set_RGB2_BLAU
                0x0000047a       0x1a Port_Funktion.o
                0x0000047a                Set_RGB2_BLAU
 .text.Set_Dbg2
                0x00000494       0x10 Port_Funktion.o
                0x00000494                Set_Dbg2
 .text.Set_SRLatch
                0x000004a4       0x10 Port_Funktion.o
                0x000004a4                Set_SRLatch
 .text.Set_SRDaten
                0x000004b4       0x10 Port_Funktion.o
                0x000004b4                Set_SRDaten
 .text.Set_SRTakt
                0x000004c4       0x10 Port_Funktion.o
                0x000004c4                Set_SRTakt
 .text.Port_Reset
                0x000004d4       0x62 Reset.o
                0x000004d4                Port_Reset
 .text.__vector_18
                0x00000536       0x56 RxTx.o
                0x00000536                __vector_18
 .text.Rx_Funktion
                0x0000058c       0xc2 RxTx.o
                0x0000058c                Rx_Funktion
 .text.Rx_Select
                0x0000064e       0x16 RxTx.o
                0x0000064e                Rx_Select
 .text.Frontpannel_Check
                0x00000664       0x6e Sub.o
                0x00000664                Frontpannel_Check
                0x000006d2                . = ALIGN (0x2)
 *(.fini9)
 .fini9         0x000006d2        0x0 c:/program files (x86)/atmel/studio/7.0/toolchain/avr8/avr8-gnu-toolchain/bin/../lib/gcc/avr/5.4.0/avr5\libgcc.a(_exit.o)
                0x000006d2                _exit
                0x000006d2                exit
 *(.fini9)
 *(.fini8)
 *(.fini8)
 *(.fini7)
 *(.fini7)
 *(.fini6)
 *(.fini6)
 *(.fini5)
 *(.fini5)
 *(.fini4)
 *(.fini4)
 *(.fini3)
 *(.fini3)
 *(.fini2)
 *(.fini2)
 *(.fini1)
 *(.fini1)
 *(.fini0)
 .fini0         0x000006d2        0x4 c:/program files (x86)/atmel/studio/7.0/toolchain/avr8/avr8-gnu-toolchain/bin/../lib/gcc/avr/5.4.0/avr5\libgcc.a(_exit.o)
 *(.fini0)
                0x000006d6                _etext = .

.data           0x00800100        0x0 load address 0x000006d6
                [!provide]                PROVIDE (__data_start, .)
 *(.data)
 *(.data*)
 *(.gnu.linkonce.d*)
 *(.rodata)
 *(.rodata*)
 *(.gnu.linkonce.r*)
                0x00800100                . = ALIGN (0x2)
                0x00800100                _edata = .
                [!provide]                PROVIDE (__data_end, .)

.bss            0x00800100      0x11c
                0x00800100                PROVIDE (__bss_start, .)
 *(.bss)
 *(.bss*)
 .bss.ShiftReg  0x00800100       0x10 main.o
                0x00800100                ShiftReg
 .bss.PWM_Timer
                0x00800110        0x1 main.o
                0x00800110                PWM_Timer
 .bss.Datenlaenge
                0x00800111        0x1 RxTx.o
                0x00800111                Datenlaenge
 .bss.WritePos  0x00800112        0x1 RxTx.o
                0x00800112                WritePos
 .bss.RxBuffer  0x00800113       0x80 RxTx.o
                0x00800113                RxBuffer
 *(COMMON)
 COMMON         0x00800193       0x89 Interrupt.o
                0x00800193                PWM_RGB1_Rot
                0x00800194                PWM_RGB2_Gruen
                0x00800195                PWM_RGB1_Blau
                0x00800196                PWM_RGB2_Blau
                0x00800197                PWM_Lufter1
                0x00800198                PWM_RGB1_Gruen
                0x00800199                TxBuffer
                0x00800219                PWM_Pumpe
                0x0080021a                PWM_RGB2_Rot
                0x0080021b                PWM_Lufter2
                0x0080021c                PROVIDE (__bss_end, .)
                0x000006d6                __data_load_start = LOADADDR (.data)
                0x000006d6                __data_load_end = (__data_load_start + SIZEOF (.data))

.noinit         0x0080021c        0x0
                [!provide]                PROVIDE (__noinit_start, .)
 *(.noinit*)
                [!provide]                PROVIDE (__noinit_end, .)
                0x0080021c                _end = .
                [!provide]                PROVIDE (__heap_start, .)

.eeprom         0x00810000        0x0
 *(.eeprom*)
                0x00810000                __eeprom_end = .

.fuse
 *(.fuse)
 *(.lfuse)
 *(.hfuse)
 *(.efuse)

.lock
 *(.lock*)

.signature
 *(.signature*)

.user_signatures
 *(.user_signatures*)

.stab
 *(.stab)

.stabstr
 *(.stabstr)

.stab.excl
 *(.stab.excl)

.stab.exclstr
 *(.stab.exclstr)

.stab.index
 *(.stab.index)

.stab.indexstr
 *(.stab.indexstr)

.comment        0x00000000       0x60
 *(.comment)
 .comment       0x00000000       0x30 Interrupt.o
                                 0x31 (size before relaxing)
 .comment       0x00000030       0x30 main.o
                                 0x31 (size before relaxing)
 .comment       0x00000060       0x31 MyInit.o
 .comment       0x00000060       0x31 Port_Funktion.o
 .comment       0x00000060       0x31 Reset.o
 .comment       0x00000060       0x31 RxTx.o
 .comment       0x00000060       0x31 Sub.o

.note.gnu.avr.deviceinfo
                0x00000000       0x3c
 .note.gnu.avr.deviceinfo
                0x00000000       0x3c C:/Program Files (x86)/Atmel/Studio/7.0/Packs/Atmel/ATmega_DFP/1.3.300/gcc/dev/atmega64/avr5/crtatmega64.o

.note.gnu.build-id
 *(.note.gnu.build-id)

.debug
 *(.debug)

.line
 *(.line)

.debug_srcinfo
 *(.debug_srcinfo)

.debug_sfnames
 *(.debug_sfnames)

.debug_aranges  0x00000000      0x200
 *(.debug_aranges)
 .debug_aranges
                0x00000000       0x30 Interrupt.o
 .debug_aranges
                0x00000030       0x20 main.o
 .debug_aranges
                0x00000050       0x20 MyInit.o
 .debug_aranges
                0x00000070      0x120 Port_Funktion.o
 .debug_aranges
                0x00000190       0x20 Reset.o
 .debug_aranges
                0x000001b0       0x30 RxTx.o
 .debug_aranges
                0x000001e0       0x20 Sub.o

.debug_pubnames
 *(.debug_pubnames)

.debug_info     0x00000000     0x21d5
 *(.debug_info .gnu.linkonce.wi.*)
 .debug_info    0x00000000      0x780 C:/Program Files (x86)/Atmel/Studio/7.0/Packs/Atmel/ATmega_DFP/1.3.300/gcc/dev/atmega64/avr5/crtatmega64.o
 .debug_info    0x00000780      0x413 Interrupt.o
 .debug_info    0x00000b93      0x342 main.o
 .debug_info    0x00000ed5      0x2af MyInit.o
 .debug_info    0x00001184      0x9fe Port_Funktion.o
 .debug_info    0x00001b82      0x1d7 Reset.o
 .debug_info    0x00001d59      0x2a5 RxTx.o
 .debug_info    0x00001ffe      0x1d7 Sub.o

.debug_abbrev   0x00000000      0xdc8
 *(.debug_abbrev)
 .debug_abbrev  0x00000000      0x718 C:/Program Files (x86)/Atmel/Studio/7.0/Packs/Atmel/ATmega_DFP/1.3.300/gcc/dev/atmega64/avr5/crtatmega64.o
 .debug_abbrev  0x00000718      0x14d Interrupt.o
 .debug_abbrev  0x00000865       0xb8 main.o
 .debug_abbrev  0x0000091d      0x103 MyInit.o
 .debug_abbrev  0x00000a20      0x1c2 Port_Funktion.o
 .debug_abbrev  0x00000be2       0x7b Reset.o
 .debug_abbrev  0x00000c5d       0xf0 RxTx.o
 .debug_abbrev  0x00000d4d       0x7b Sub.o

.debug_line     0x00000000     0x121a
 *(.debug_line .debug_line.* .debug_line_end)
 .debug_line    0x00000000      0x169 C:/Program Files (x86)/Atmel/Studio/7.0/Packs/Atmel/ATmega_DFP/1.3.300/gcc/dev/atmega64/avr5/crtatmega64.o
 .debug_line    0x00000169      0x369 Interrupt.o
 .debug_line    0x000004d2      0x10a main.o
 .debug_line    0x000005dc      0x168 MyInit.o
 .debug_line    0x00000744      0x6aa Port_Funktion.o
 .debug_line    0x00000dee      0x147 Reset.o
 .debug_line    0x00000f35      0x1cc RxTx.o
 .debug_line    0x00001101      0x119 Sub.o

.debug_frame    0x00000000      0x3ec
 *(.debug_frame)
 .debug_frame   0x00000000       0xc8 Interrupt.o
 .debug_frame   0x000000c8       0x24 main.o
 .debug_frame   0x000000ec       0x24 MyInit.o
 .debug_frame   0x00000110      0x224 Port_Funktion.o
 .debug_frame   0x00000334       0x24 Reset.o
 .debug_frame   0x00000358       0x70 RxTx.o
 .debug_frame   0x000003c8       0x24 Sub.o

.debug_str      0x00000000      0x7d5
 *(.debug_str)
 .debug_str     0x00000000      0x27e C:/Program Files (x86)/Atmel/Studio/7.0/Packs/Atmel/ATmega_DFP/1.3.300/gcc/dev/atmega64/avr5/crtatmega64.o
 .debug_str     0x0000027e      0x2ab Interrupt.o
                                0x2df (size before relaxing)
 .debug_str     0x00000529      0x105 main.o
                                0x2d8 (size before relaxing)
 .debug_str     0x0000062e       0x1d MyInit.o
                                0x2a5 (size before relaxing)
 .debug_str     0x0000064b      0x14e Port_Funktion.o
                                0x460 (size before relaxing)
 .debug_str     0x00000799        0xd Reset.o
                                0x255 (size before relaxing)
 .debug_str     0x000007a6       0x24 RxTx.o
                                0x29a (size before relaxing)
 .debug_str     0x000007ca        0xb Sub.o
                                0x25a (size before relaxing)

.debug_loc      0x00000000      0x75c
 *(.debug_loc)
 .debug_loc     0x00000000      0x2e9 Interrupt.o
 .debug_loc     0x000002e9       0xf2 MyInit.o
 .debug_loc     0x000003db      0x2ef Port_Funktion.o
 .debug_loc     0x000006ca       0x92 RxTx.o

.debug_macinfo
 *(.debug_macinfo)

.debug_weaknames
 *(.debug_weaknames)

.debug_funcnames
 *(.debug_funcnames)

.debug_typenames
 *(.debug_typenames)

.debug_varnames
 *(.debug_varnames)

.debug_pubtypes
 *(.debug_pubtypes)

.debug_ranges   0x00000000      0x190
 *(.debug_ranges)
 .debug_ranges  0x00000000       0x20 Interrupt.o
 .debug_ranges  0x00000020       0x10 main.o
 .debug_ranges  0x00000030       0x10 MyInit.o
 .debug_ranges  0x00000040      0x110 Port_Funktion.o
 .debug_ranges  0x00000150       0x10 Reset.o
 .debug_ranges  0x00000160       0x20 RxTx.o
 .debug_ranges  0x00000180       0x10 Sub.o

.debug_macro
 *(.debug_macro)
OUTPUT(SBIO_3.elf elf32-avr)
LOAD linker stubs
