Archive member included to satisfy reference by file (symbol)

c:/program files (x86)/atmel/studio/7.0/toolchain/avr8/avr8-gnu-toolchain/bin/../lib/gcc/avr/5.4.0/avr5\libgcc.a(_exit.o)
                              C:/Program Files (x86)/Atmel/Studio/7.0/Packs/Atmel/ATmega_DFP/1.3.300/gcc/dev/atmega64/avr5/crtatmega64.o (exit)
c:/program files (x86)/atmel/studio/7.0/toolchain/avr8/avr8-gnu-toolchain/bin/../lib/gcc/avr/5.4.0/avr5\libgcc.a(_clear_bss.o)
                              Interrupt.o (__do_clear_bss)
C:/Program Files (x86)/Atmel/Studio/7.0/Packs/Atmel/ATmega_DFP/1.3.300/gcc/dev/atmega64/avr5\libatmega64.a(eerd_byte.o)
                              MyInit.o (eeprom_read_byte)
C:/Program Files (x86)/Atmel/Studio/7.0/Packs/Atmel/ATmega_DFP/1.3.300/gcc/dev/atmega64/avr5\libatmega64.a(eerd_word.o)
                              Sub.o (eeprom_read_word)
C:/Program Files (x86)/Atmel/Studio/7.0/Packs/Atmel/ATmega_DFP/1.3.300/gcc/dev/atmega64/avr5\libatmega64.a(eewr_byte.o)
                              MyInit.o (eeprom_write_byte)
C:/Program Files (x86)/Atmel/Studio/7.0/Packs/Atmel/ATmega_DFP/1.3.300/gcc/dev/atmega64/avr5\libatmega64.a(eewr_word.o)
                              Sub.o (eeprom_write_word)
C:/Program Files (x86)/Atmel/Studio/7.0/Packs/Atmel/ATmega_DFP/1.3.300/gcc/dev/atmega64/avr5\libatmega64.a(eerd_block.o)
                              C:/Program Files (x86)/Atmel/Studio/7.0/Packs/Atmel/ATmega_DFP/1.3.300/gcc/dev/atmega64/avr5\libatmega64.a(eerd_word.o) (eeprom_read_blraw)

Allocating common symbols
Common symbol       size              file

HWord_Lumi          0x2               Interrupt.o
ManuShow_Timer      0x1               Interrupt.o
Pumpen_Flag         0x4               Interrupt.o
PWM_RGB1_Rot        0x1               Interrupt.o
PWM_RGB2_Gruen      0x1               Interrupt.o
PWM_RGB1_Blau       0x1               Interrupt.o
PWM_RGB2_Blau       0x1               Interrupt.o
HWord_Humi          0x2               Interrupt.o
LWord_GNDHumi       0x2               Interrupt.o
PWM_Lufter1         0x1               Interrupt.o
LWord_Humi          0x2               Interrupt.o
Modi_Flag           0x1               Interrupt.o
PWM_RGB1_Gruen      0x1               Interrupt.o
HWord_Temp          0x2               Interrupt.o
LWord_Lumi          0x2               Interrupt.o
LWord_Temp          0x2               Interrupt.o
Moduladresse        0x1               Interrupt.o
TxBuffer            0x80              Interrupt.o
PWM_Pumpe           0x1               Interrupt.o
Pumpen_Counter      0x4               Interrupt.o
PWM_RGB2_Rot        0x1               Interrupt.o
HWord_GNDHumi       0x2               Interrupt.o
PWM_Lufter2         0x1               Interrupt.o
RX_Feedback_Flag    0x1               Interrupt.o
RX_Flag             0x1               Interrupt.o

Discarded input sections

 .data          0x00000000        0x0 C:/Program Files (x86)/Atmel/Studio/7.0/Packs/Atmel/ATmega_DFP/1.3.300/gcc/dev/atmega64/avr5/crtatmega64.o
 .bss           0x00000000        0x0 C:/Program Files (x86)/Atmel/Studio/7.0/Packs/Atmel/ATmega_DFP/1.3.300/gcc/dev/atmega64/avr5/crtatmega64.o
 .text          0x00000000        0x0 Interrupt.o
 .data          0x00000000        0x0 Interrupt.o
 .bss           0x00000000        0x0 Interrupt.o
 .text          0x00000000        0x0 I2C.o
 .data          0x00000000        0x0 I2C.o
 .bss           0x00000000        0x0 I2C.o
 .text.i2c_stop
                0x00000000        0x8 I2C.o
 .text.i2c_send
                0x00000000       0x1e I2C.o
 .text          0x00000000        0x0 main.o
 .data          0x00000000        0x0 main.o
 .bss           0x00000000        0x0 main.o
 .text.MainLoop
                0x00000000      0x100 main.o
 .text          0x00000000        0x0 MyInit.o
 .data          0x00000000        0x0 MyInit.o
 .bss           0x00000000        0x0 MyInit.o
 .text.Manu_Show
                0x00000000       0x3c MyInit.o
 .text          0x00000000        0x0 Port_Funktion.o
 .data          0x00000000        0x0 Port_Funktion.o
 .bss           0x00000000        0x0 Port_Funktion.o
 .text.Get_Input2
                0x00000000       0x1e Port_Funktion.o
 .text          0x00000000        0x0 Reset.o
 .data          0x00000000        0x0 Reset.o
 .bss           0x00000000        0x0 Reset.o
 .text          0x00000000        0x0 RxTx.o
 .data          0x00000000        0x0 RxTx.o
 .bss           0x00000000        0x0 RxTx.o
 .text          0x00000000        0x0 Sub.o
 .data          0x00000000        0x0 Sub.o
 .bss           0x00000000        0x0 Sub.o
 .text.Transimit_Test
                0x00000000       0x1a Sub.o
 .text          0x00000000        0x0 c:/program files (x86)/atmel/studio/7.0/toolchain/avr8/avr8-gnu-toolchain/bin/../lib/gcc/avr/5.4.0/avr5\libgcc.a(_exit.o)
 .data          0x00000000        0x0 c:/program files (x86)/atmel/studio/7.0/toolchain/avr8/avr8-gnu-toolchain/bin/../lib/gcc/avr/5.4.0/avr5\libgcc.a(_exit.o)
 .bss           0x00000000        0x0 c:/program files (x86)/atmel/studio/7.0/toolchain/avr8/avr8-gnu-toolchain/bin/../lib/gcc/avr/5.4.0/avr5\libgcc.a(_exit.o)
 .text.libgcc.mul
                0x00000000        0x0 c:/program files (x86)/atmel/studio/7.0/toolchain/avr8/avr8-gnu-toolchain/bin/../lib/gcc/avr/5.4.0/avr5\libgcc.a(_exit.o)
 .text.libgcc.div
                0x00000000        0x0 c:/program files (x86)/atmel/studio/7.0/toolchain/avr8/avr8-gnu-toolchain/bin/../lib/gcc/avr/5.4.0/avr5\libgcc.a(_exit.o)
 .text.libgcc   0x00000000        0x0 c:/program files (x86)/atmel/studio/7.0/toolchain/avr8/avr8-gnu-toolchain/bin/../lib/gcc/avr/5.4.0/avr5\libgcc.a(_exit.o)
 .text.libgcc.prologue
                0x00000000        0x0 c:/program files (x86)/atmel/studio/7.0/toolchain/avr8/avr8-gnu-toolchain/bin/../lib/gcc/avr/5.4.0/avr5\libgcc.a(_exit.o)
 .text.libgcc.builtins
                0x00000000        0x0 c:/program files (x86)/atmel/studio/7.0/toolchain/avr8/avr8-gnu-toolchain/bin/../lib/gcc/avr/5.4.0/avr5\libgcc.a(_exit.o)
 .text.libgcc.fmul
                0x00000000        0x0 c:/program files (x86)/atmel/studio/7.0/toolchain/avr8/avr8-gnu-toolchain/bin/../lib/gcc/avr/5.4.0/avr5\libgcc.a(_exit.o)
 .text.libgcc.fixed
                0x00000000        0x0 c:/program files (x86)/atmel/studio/7.0/toolchain/avr8/avr8-gnu-toolchain/bin/../lib/gcc/avr/5.4.0/avr5\libgcc.a(_exit.o)
 .text          0x00000000        0x0 c:/program files (x86)/atmel/studio/7.0/toolchain/avr8/avr8-gnu-toolchain/bin/../lib/gcc/avr/5.4.0/avr5\libgcc.a(_clear_bss.o)
 .data          0x00000000        0x0 c:/program files (x86)/atmel/studio/7.0/toolchain/avr8/avr8-gnu-toolchain/bin/../lib/gcc/avr/5.4.0/avr5\libgcc.a(_clear_bss.o)
 .bss           0x00000000        0x0 c:/program files (x86)/atmel/studio/7.0/toolchain/avr8/avr8-gnu-toolchain/bin/../lib/gcc/avr/5.4.0/avr5\libgcc.a(_clear_bss.o)
 .text.libgcc.mul
                0x00000000        0x0 c:/program files (x86)/atmel/studio/7.0/toolchain/avr8/avr8-gnu-toolchain/bin/../lib/gcc/avr/5.4.0/avr5\libgcc.a(_clear_bss.o)
 .text.libgcc.div
                0x00000000        0x0 c:/program files (x86)/atmel/studio/7.0/toolchain/avr8/avr8-gnu-toolchain/bin/../lib/gcc/avr/5.4.0/avr5\libgcc.a(_clear_bss.o)
 .text.libgcc   0x00000000        0x0 c:/program files (x86)/atmel/studio/7.0/toolchain/avr8/avr8-gnu-toolchain/bin/../lib/gcc/avr/5.4.0/avr5\libgcc.a(_clear_bss.o)
 .text.libgcc.prologue
                0x00000000        0x0 c:/program files (x86)/atmel/studio/7.0/toolchain/avr8/avr8-gnu-toolchain/bin/../lib/gcc/avr/5.4.0/avr5\libgcc.a(_clear_bss.o)
 .text.libgcc.builtins
                0x00000000        0x0 c:/program files (x86)/atmel/studio/7.0/toolchain/avr8/avr8-gnu-toolchain/bin/../lib/gcc/avr/5.4.0/avr5\libgcc.a(_clear_bss.o)
 .text.libgcc.fmul
                0x00000000        0x0 c:/program files (x86)/atmel/studio/7.0/toolchain/avr8/avr8-gnu-toolchain/bin/../lib/gcc/avr/5.4.0/avr5\libgcc.a(_clear_bss.o)
 .text.libgcc.fixed
                0x00000000        0x0 c:/program files (x86)/atmel/studio/7.0/toolchain/avr8/avr8-gnu-toolchain/bin/../lib/gcc/avr/5.4.0/avr5\libgcc.a(_clear_bss.o)
 .text          0x00000000        0x0 C:/Program Files (x86)/Atmel/Studio/7.0/Packs/Atmel/ATmega_DFP/1.3.300/gcc/dev/atmega64/avr5\libatmega64.a(eerd_byte.o)
 .data          0x00000000        0x0 C:/Program Files (x86)/Atmel/Studio/7.0/Packs/Atmel/ATmega_DFP/1.3.300/gcc/dev/atmega64/avr5\libatmega64.a(eerd_byte.o)
 .bss           0x00000000        0x0 C:/Program Files (x86)/Atmel/Studio/7.0/Packs/Atmel/ATmega_DFP/1.3.300/gcc/dev/atmega64/avr5\libatmega64.a(eerd_byte.o)
 .text          0x00000000        0x0 C:/Program Files (x86)/Atmel/Studio/7.0/Packs/Atmel/ATmega_DFP/1.3.300/gcc/dev/atmega64/avr5\libatmega64.a(eerd_word.o)
 .data          0x00000000        0x0 C:/Program Files (x86)/Atmel/Studio/7.0/Packs/Atmel/ATmega_DFP/1.3.300/gcc/dev/atmega64/avr5\libatmega64.a(eerd_word.o)
 .bss           0x00000000        0x0 C:/Program Files (x86)/Atmel/Studio/7.0/Packs/Atmel/ATmega_DFP/1.3.300/gcc/dev/atmega64/avr5\libatmega64.a(eerd_word.o)
 .text          0x00000000        0x0 C:/Program Files (x86)/Atmel/Studio/7.0/Packs/Atmel/ATmega_DFP/1.3.300/gcc/dev/atmega64/avr5\libatmega64.a(eewr_byte.o)
 .data          0x00000000        0x0 C:/Program Files (x86)/Atmel/Studio/7.0/Packs/Atmel/ATmega_DFP/1.3.300/gcc/dev/atmega64/avr5\libatmega64.a(eewr_byte.o)
 .bss           0x00000000        0x0 C:/Program Files (x86)/Atmel/Studio/7.0/Packs/Atmel/ATmega_DFP/1.3.300/gcc/dev/atmega64/avr5\libatmega64.a(eewr_byte.o)
 .text          0x00000000        0x0 C:/Program Files (x86)/Atmel/Studio/7.0/Packs/Atmel/ATmega_DFP/1.3.300/gcc/dev/atmega64/avr5\libatmega64.a(eewr_word.o)
 .data          0x00000000        0x0 C:/Program Files (x86)/Atmel/Studio/7.0/Packs/Atmel/ATmega_DFP/1.3.300/gcc/dev/atmega64/avr5\libatmega64.a(eewr_word.o)
 .bss           0x00000000        0x0 C:/Program Files (x86)/Atmel/Studio/7.0/Packs/Atmel/ATmega_DFP/1.3.300/gcc/dev/atmega64/avr5\libatmega64.a(eewr_word.o)
 .text          0x00000000        0x0 C:/Program Files (x86)/Atmel/Studio/7.0/Packs/Atmel/ATmega_DFP/1.3.300/gcc/dev/atmega64/avr5\libatmega64.a(eerd_block.o)
 .data          0x00000000        0x0 C:/Program Files (x86)/Atmel/Studio/7.0/Packs/Atmel/ATmega_DFP/1.3.300/gcc/dev/atmega64/avr5\libatmega64.a(eerd_block.o)
 .bss           0x00000000        0x0 C:/Program Files (x86)/Atmel/Studio/7.0/Packs/Atmel/ATmega_DFP/1.3.300/gcc/dev/atmega64/avr5\libatmega64.a(eerd_block.o)

Memory Configuration

Name             Origin             Length             Attributes
text             0x00000000         0x00020000         xr
data             0x00800060         0x0000ffa0         rw !x
eeprom           0x00810000         0x00010000         rw !x
fuse             0x00820000         0x00000003         rw !x
lock             0x00830000         0x00000400         rw !x
signature        0x00840000         0x00000400         rw !x
user_signatures  0x00850000         0x00000400         rw !x
*default*        0x00000000         0xffffffff

Linker script and memory map

Address of section .data set to 0x800100
LOAD C:/Program Files (x86)/Atmel/Studio/7.0/Packs/Atmel/ATmega_DFP/1.3.300/gcc/dev/atmega64/avr5/crtatmega64.o
LOAD Interrupt.o
LOAD I2C.o
LOAD main.o
LOAD MyInit.o
LOAD Port_Funktion.o
LOAD Reset.o
LOAD RxTx.o
LOAD Sub.o
START GROUP
LOAD c:/program files (x86)/atmel/studio/7.0/toolchain/avr8/avr8-gnu-toolchain/bin/../lib/gcc/avr/5.4.0/../../../../avr/lib/avr5\libm.a
END GROUP
START GROUP
LOAD c:/program files (x86)/atmel/studio/7.0/toolchain/avr8/avr8-gnu-toolchain/bin/../lib/gcc/avr/5.4.0/avr5\libgcc.a
LOAD c:/program files (x86)/atmel/studio/7.0/toolchain/avr8/avr8-gnu-toolchain/bin/../lib/gcc/avr/5.4.0/../../../../avr/lib/avr5\libm.a
LOAD c:/program files (x86)/atmel/studio/7.0/toolchain/avr8/avr8-gnu-toolchain/bin/../lib/gcc/avr/5.4.0/../../../../avr/lib/avr5\libc.a
LOAD C:/Program Files (x86)/Atmel/Studio/7.0/Packs/Atmel/ATmega_DFP/1.3.300/gcc/dev/atmega64/avr5\libatmega64.a
END GROUP
                0x00000000                __TEXT_REGION_ORIGIN__ = DEFINED (__TEXT_REGION_ORIGIN__)?__TEXT_REGION_ORIGIN__:0x0
                0x00800060                __DATA_REGION_ORIGIN__ = DEFINED (__DATA_REGION_ORIGIN__)?__DATA_REGION_ORIGIN__:0x800060
                0x00020000                __TEXT_REGION_LENGTH__ = DEFINED (__TEXT_REGION_LENGTH__)?__TEXT_REGION_LENGTH__:0x20000
                0x0000ffa0                __DATA_REGION_LENGTH__ = DEFINED (__DATA_REGION_LENGTH__)?__DATA_REGION_LENGTH__:0xffa0
                0x00010000                __EEPROM_REGION_LENGTH__ = DEFINED (__EEPROM_REGION_LENGTH__)?__EEPROM_REGION_LENGTH__:0x10000
                [0x00000003]                __FUSE_REGION_LENGTH__ = DEFINED (__FUSE_REGION_LENGTH__)?__FUSE_REGION_LENGTH__:0x400
                0x00000400                __LOCK_REGION_LENGTH__ = DEFINED (__LOCK_REGION_LENGTH__)?__LOCK_REGION_LENGTH__:0x400
                0x00000400                __SIGNATURE_REGION_LENGTH__ = DEFINED (__SIGNATURE_REGION_LENGTH__)?__SIGNATURE_REGION_LENGTH__:0x400
                0x00000400                __USER_SIGNATURE_REGION_LENGTH__ = DEFINED (__USER_SIGNATURE_REGION_LENGTH__)?__USER_SIGNATURE_REGION_LENGTH__:0x400

.hash
 *(.hash)

.dynsym
 *(.dynsym)

.dynstr
 *(.dynstr)

.gnu.version
 *(.gnu.version)

.gnu.version_d
 *(.gnu.version_d)

.gnu.version_r
 *(.gnu.version_r)

.rel.init
 *(.rel.init)

.rela.init
 *(.rela.init)

.rel.text
 *(.rel.text)
 *(.rel.text.*)
 *(.rel.gnu.linkonce.t*)

.rela.text
 *(.rela.text)
 *(.rela.text.*)
 *(.rela.gnu.linkonce.t*)

.rel.fini
 *(.rel.fini)

.rela.fini
 *(.rela.fini)

.rel.rodata
 *(.rel.rodata)
 *(.rel.rodata.*)
 *(.rel.gnu.linkonce.r*)

.rela.rodata
 *(.rela.rodata)
 *(.rela.rodata.*)
 *(.rela.gnu.linkonce.r*)

.rel.data
 *(.rel.data)
 *(.rel.data.*)
 *(.rel.gnu.linkonce.d*)

.rela.data
 *(.rela.data)
 *(.rela.data.*)
 *(.rela.gnu.linkonce.d*)

.rel.ctors
 *(.rel.ctors)

.rela.ctors
 *(.rela.ctors)

.rel.dtors
 *(.rel.dtors)

.rela.dtors
 *(.rela.dtors)

.rel.got
 *(.rel.got)

.rela.got
 *(.rela.got)

.rel.bss
 *(.rel.bss)

.rela.bss
 *(.rela.bss)

.rel.plt
 *(.rel.plt)

.rela.plt
 *(.rela.plt)

.text           0x00000000     0x1b34
 *(.vectors)
 .vectors       0x00000000       0x8c C:/Program Files (x86)/Atmel/Studio/7.0/Packs/Atmel/ATmega_DFP/1.3.300/gcc/dev/atmega64/avr5/crtatmega64.o
                0x00000000                __vector_default
                0x00000000                __vectors
 *(.vectors)
 *(.progmem.gcc*)
                0x0000008c                . = ALIGN (0x2)
                0x0000008c                __trampolines_start = .
 *(.trampolines)
 .trampolines   0x0000008c        0x0 linker stubs
 *(.trampolines*)
                0x0000008c                __trampolines_end = .
 *libprintf_flt.a:*(.progmem.data)
 *libc.a:*(.progmem.data)
 *(.progmem*)
                0x0000008c                . = ALIGN (0x2)
 *(.jumptables)
 *(.jumptables*)
 *(.lowtext)
 *(.lowtext*)
                0x0000008c                __ctors_start = .
 *(.ctors)
                0x0000008c                __ctors_end = .
                0x0000008c                __dtors_start = .
 *(.dtors)
                0x0000008c                __dtors_end = .
 SORT(*)(.ctors)
 SORT(*)(.dtors)
 *(.init0)
 .init0         0x0000008c        0x0 C:/Program Files (x86)/Atmel/Studio/7.0/Packs/Atmel/ATmega_DFP/1.3.300/gcc/dev/atmega64/avr5/crtatmega64.o
                0x0000008c                __init
 *(.init0)
 *(.init1)
 *(.init1)
 *(.init2)
 .init2         0x0000008c        0xc C:/Program Files (x86)/Atmel/Studio/7.0/Packs/Atmel/ATmega_DFP/1.3.300/gcc/dev/atmega64/avr5/crtatmega64.o
 *(.init2)
 *(.init3)
 *(.init3)
 *(.init4)
 .init4         0x00000098       0x10 c:/program files (x86)/atmel/studio/7.0/toolchain/avr8/avr8-gnu-toolchain/bin/../lib/gcc/avr/5.4.0/avr5\libgcc.a(_clear_bss.o)
                0x00000098                __do_clear_bss
 *(.init4)
 *(.init5)
 *(.init5)
 *(.init6)
 *(.init6)
 *(.init7)
 *(.init7)
 *(.init8)
 *(.init8)
 *(.init9)
 .init9         0x000000a8        0x8 C:/Program Files (x86)/Atmel/Studio/7.0/Packs/Atmel/ATmega_DFP/1.3.300/gcc/dev/atmega64/avr5/crtatmega64.o
 *(.init9)
 *(.text)
 .text          0x000000b0        0x4 C:/Program Files (x86)/Atmel/Studio/7.0/Packs/Atmel/ATmega_DFP/1.3.300/gcc/dev/atmega64/avr5/crtatmega64.o
                0x000000b0                __vector_22
                0x000000b0                __vector_28
                0x000000b0                __vector_1
                0x000000b0                __vector_32
                0x000000b0                __vector_34
                0x000000b0                __vector_24
                0x000000b0                __bad_interrupt
                0x000000b0                __vector_6
                0x000000b0                __vector_31
                0x000000b0                __vector_3
                0x000000b0                __vector_23
                0x000000b0                __vector_30
                0x000000b0                __vector_25
                0x000000b0                __vector_11
                0x000000b0                __vector_13
                0x000000b0                __vector_17
                0x000000b0                __vector_19
                0x000000b0                __vector_7
                0x000000b0                __vector_27
                0x000000b0                __vector_5
                0x000000b0                __vector_33
                0x000000b0                __vector_4
                0x000000b0                __vector_2
                0x000000b0                __vector_21
                0x000000b0                __vector_29
                0x000000b0                __vector_8
                0x000000b0                __vector_26
                0x000000b0                __vector_14
                0x000000b0                __vector_10
                0x000000b0                __vector_16
                0x000000b0                __vector_20
                0x000000b4                . = ALIGN (0x2)
 *(.text.*)
 .text.__vector_15
                0x000000b4      0x13c Interrupt.o
                0x000000b4                __vector_15
 .text.__vector_12
                0x000001f0       0xc6 Interrupt.o
                0x000001f0                __vector_12
 .text.__vector_9
                0x000002b6       0xe8 Interrupt.o
                0x000002b6                __vector_9
 .text.i2c_init
                0x0000039e        0x8 I2C.o
                0x0000039e                i2c_init
 .text.i2c_start
                0x000003a6       0x12 I2C.o
                0x000003a6                i2c_start
 .text.i2c_write
                0x000003b8       0x16 I2C.o
                0x000003b8                i2c_write
 .text.i2c_read
                0x000003ce       0x22 I2C.o
                0x000003ce                i2c_read
 .text.i2c_doSensor_wr
                0x000003f0       0x26 I2C.o
                0x000003f0                i2c_doSensor_wr
 .text.i2c_doSensor_rd
                0x00000416       0x38 I2C.o
                0x00000416                i2c_doSensor_rd
 .text.I2C_GetLuminance
                0x0000044e        0x8 I2C.o
                0x0000044e                I2C_GetLuminance
 .text.i2c_doSensor7021_rd
                0x00000456       0x50 I2C.o
                0x00000456                i2c_doSensor7021_rd
 .text.I2c_GetHumi
                0x000004a6        0xa I2C.o
                0x000004a6                I2c_GetHumi
 .text.I2c_GetTemp
                0x000004b0        0xa I2C.o
                0x000004b0                I2c_GetTemp
 .text.main     0x000004ba       0xd4 main.o
                0x000004ba                main
 .text.NOTAUS_Show
                0x0000058e       0x1e MyInit.o
                0x0000058e                NOTAUS_Show
 .text.Set_Moduladresse
                0x000005ac       0x5c MyInit.o
                0x000005ac                Set_Moduladresse
 .text.Set_Pumpe
                0x00000608       0x1a Port_Funktion.o
                0x00000608                Set_Pumpe
 .text.Set_Heizung
                0x00000622       0x2a Port_Funktion.o
                0x00000622                Set_Heizung
 .text.Set_Lufter1
                0x0000064c       0x1a Port_Funktion.o
                0x0000064c                Set_Lufter1
 .text.Set_Lufter2
                0x00000666       0x1a Port_Funktion.o
                0x00000666                Set_Lufter2
 .text.Set_RGB1_ROT
                0x00000680       0x1a Port_Funktion.o
                0x00000680                Set_RGB1_ROT
 .text.Set_RGB1_GRUEN
                0x0000069a       0x1a Port_Funktion.o
                0x0000069a                Set_RGB1_GRUEN
 .text.Set_RGB1_BLAU
                0x000006b4       0x1a Port_Funktion.o
                0x000006b4                Set_RGB1_BLAU
 .text.Set_RGB2_ROT
                0x000006ce       0x1a Port_Funktion.o
                0x000006ce                Set_RGB2_ROT
 .text.Set_RGB2_GRUEN
                0x000006e8       0x2a Port_Funktion.o
                0x000006e8                Set_RGB2_GRUEN
 .text.Set_RGB2_BLAU
                0x00000712       0x1a Port_Funktion.o
                0x00000712                Set_RGB2_BLAU
 .text.Set_Dbg2
                0x0000072c       0x10 Port_Funktion.o
                0x0000072c                Set_Dbg2
 .text.Set_SRLatch
                0x0000073c       0x10 Port_Funktion.o
                0x0000073c                Set_SRLatch
 .text.Set_SRDaten
                0x0000074c       0x10 Port_Funktion.o
                0x0000074c                Set_SRDaten
 .text.Set_SRTakt
                0x0000075c       0x10 Port_Funktion.o
                0x0000075c                Set_SRTakt
 .text.Set_SM1_1
                0x0000076c       0x10 Port_Funktion.o
                0x0000076c                Set_SM1_1
 .text.Set_SM1_2
                0x0000077c       0x10 Port_Funktion.o
                0x0000077c                Set_SM1_2
 .text.Set_SM1_3
                0x0000078c       0x20 Port_Funktion.o
                0x0000078c                Set_SM1_3
 .text.Set_SM1_4
                0x000007ac       0x20 Port_Funktion.o
                0x000007ac                Set_SM1_4
 .text.Set_SM2_1
                0x000007cc       0x10 Port_Funktion.o
                0x000007cc                Set_SM2_1
 .text.Set_SM2_2
                0x000007dc       0x10 Port_Funktion.o
                0x000007dc                Set_SM2_2
 .text.Set_SM2_3
                0x000007ec       0x10 Port_Funktion.o
                0x000007ec                Set_SM2_3
 .text.Set_SM2_4
                0x000007fc       0x10 Port_Funktion.o
                0x000007fc                Set_SM2_4
 .text.Set_UART_DIR
                0x0000080c       0x10 Port_Funktion.o
                0x0000080c                Set_UART_DIR
 .text.Get_Input1
                0x0000081c       0x1e Port_Funktion.o
                0x0000081c                Get_Input1
 .text.Get_Stop
                0x0000083a       0x1e Port_Funktion.o
                0x0000083a                Get_Stop
 .text.Get_Start
                0x00000858       0x1e Port_Funktion.o
                0x00000858                Get_Start
 .text.Get_NotAus
                0x00000876       0x1e Port_Funktion.o
                0x00000876                Get_NotAus
 .text.Get_Dbg1
                0x00000894       0x1e Port_Funktion.o
                0x00000894                Get_Dbg1
 .text.ADC_Messung
                0x000008b2       0x2a Port_Funktion.o
                0x000008b2                ADC_Messung
 .text.Get_GND_Humi1
                0x000008dc        0xa Port_Funktion.o
                0x000008dc                Get_GND_Humi1
 .text.Get_GND_Humi2
                0x000008e6        0x8 Port_Funktion.o
                0x000008e6                Get_GND_Humi2
 .text.Get_Voltage
                0x000008ee        0x8 Port_Funktion.o
                0x000008ee                Get_Voltage
 .text.Get_Current
                0x000008f6        0x8 Port_Funktion.o
                0x000008f6                Get_Current
 .text.Port_Reset
                0x000008fe       0x62 Reset.o
                0x000008fe                Port_Reset
 .text.__vector_18
                0x00000960       0x62 RxTx.o
                0x00000960                __vector_18
 .text.Rx_Funktion
                0x000009c2      0x620 RxTx.o
                0x000009c2                Rx_Funktion
 .text.Rx_Select
                0x00000fe2       0x1a RxTx.o
                0x00000fe2                Rx_Select
 .text.Send_Data
                0x00000ffc       0x5c RxTx.o
                0x00000ffc                Send_Data
 .text.MyInitProgramm
                0x00001058       0xe4 Sub.o
                0x00001058                MyInitProgramm
 .text.Frontpannel_Check
                0x0000113c      0x25c Sub.o
                0x0000113c                Frontpannel_Check
 .text.Fade     0x00001398       0x3a Sub.o
                0x00001398                Fade
 .text.Fade_Back
                0x000013d2       0x38 Sub.o
                0x000013d2                Fade_Back
 .text.Tx_Voltage
                0x0000140a       0x1c Sub.o
                0x0000140a                Tx_Voltage
 .text.Tx_Current
                0x00001426       0x1c Sub.o
                0x00001426                Tx_Current
 .text.Tx_Humi  0x00001442       0x32 Sub.o
                0x00001442                Tx_Humi
 .text.Tx_Lumi  0x00001474       0x32 Sub.o
                0x00001474                Tx_Lumi
 .text.Tx_Temp  0x000014a6       0x40 Sub.o
                0x000014a6                Tx_Temp
 .text.Tx_GND1  0x000014e6       0x32 Sub.o
                0x000014e6                Tx_GND1
 .text.Tx_ModiFlag
                0x00001518       0x2e Sub.o
                0x00001518                Tx_ModiFlag
 .text.Tx_GND2  0x00001546       0x1c Sub.o
                0x00001546                Tx_GND2
 .text.Funktion_Pumpe
                0x00001562       0x90 Sub.o
                0x00001562                Funktion_Pumpe
 .text.Controll_VoCu
                0x000015f2       0x20 Sub.o
                0x000015f2                Controll_VoCu
 .text.Schrittmotor1
                0x00001612      0x182 Sub.o
                0x00001612                Schrittmotor1
 .text.Schrittmotor2
                0x00001794      0x182 Sub.o
                0x00001794                Schrittmotor2
 .text.NotAus   0x00001916       0x2e Sub.o
                0x00001916                NotAus
 .text.EEProm_Writer
                0x00001944       0x64 Sub.o
                0x00001944                EEProm_Writer
 .text.Save_Grenzwert
                0x000019a8       0xfe Sub.o
                0x000019a8                Save_Grenzwert
 .text.Check_Modi
                0x00001aa6       0x2a Sub.o
                0x00001aa6                Check_Modi
 .text.avr-libc
                0x00001ad0       0x10 C:/Program Files (x86)/Atmel/Studio/7.0/Packs/Atmel/ATmega_DFP/1.3.300/gcc/dev/atmega64/avr5\libatmega64.a(eerd_byte.o)
                0x00001ad0                eeprom_read_byte
 .text.avr-libc
                0x00001ae0        0xc C:/Program Files (x86)/Atmel/Studio/7.0/Packs/Atmel/ATmega_DFP/1.3.300/gcc/dev/atmega64/avr5\libatmega64.a(eerd_word.o)
                0x00001ae0                eeprom_read_word
 .text.avr-libc
                0x00001aec       0x1a C:/Program Files (x86)/Atmel/Studio/7.0/Packs/Atmel/ATmega_DFP/1.3.300/gcc/dev/atmega64/avr5\libatmega64.a(eewr_byte.o)
                0x00001aec                eeprom_write_byte
                0x00001aee                eeprom_write_r18
 .text.avr-libc
                0x00001b06        0xa C:/Program Files (x86)/Atmel/Studio/7.0/Packs/Atmel/ATmega_DFP/1.3.300/gcc/dev/atmega64/avr5\libatmega64.a(eewr_word.o)
                0x00001b06                eeprom_write_word
 .text.avr-libc
                0x00001b10       0x20 C:/Program Files (x86)/Atmel/Studio/7.0/Packs/Atmel/ATmega_DFP/1.3.300/gcc/dev/atmega64/avr5\libatmega64.a(eerd_block.o)
                0x00001b10                eeprom_read_block
                0x00001b14                eeprom_read_blraw
                0x00001b30                . = ALIGN (0x2)
 *(.fini9)
 .fini9         0x00001b30        0x0 c:/program files (x86)/atmel/studio/7.0/toolchain/avr8/avr8-gnu-toolchain/bin/../lib/gcc/avr/5.4.0/avr5\libgcc.a(_exit.o)
                0x00001b30                _exit
                0x00001b30                exit
 *(.fini9)
 *(.fini8)
 *(.fini8)
 *(.fini7)
 *(.fini7)
 *(.fini6)
 *(.fini6)
 *(.fini5)
 *(.fini5)
 *(.fini4)
 *(.fini4)
 *(.fini3)
 *(.fini3)
 *(.fini2)
 *(.fini2)
 *(.fini1)
 *(.fini1)
 *(.fini0)
 .fini0         0x00001b30        0x4 c:/program files (x86)/atmel/studio/7.0/toolchain/avr8/avr8-gnu-toolchain/bin/../lib/gcc/avr/5.4.0/avr5\libgcc.a(_exit.o)
 *(.fini0)
                0x00001b34                _etext = .

.data           0x00800100        0x0 load address 0x00001b34
                [!provide]                PROVIDE (__data_start, .)
 *(.data)
 *(.data*)
 *(.gnu.linkonce.d*)
 *(.rodata)
 *(.rodata*)
 *(.gnu.linkonce.r*)
                0x00800100                . = ALIGN (0x2)
                0x00800100                _edata = .
                [!provide]                PROVIDE (__data_end, .)

.bss            0x00800100      0x13c
                0x00800100                PROVIDE (__bss_start, .)
 *(.bss)
 *(.bss*)
 .bss.FadeBack_Flag
                0x00800100        0x1 main.o
                0x00800100                FadeBack_Flag
 .bss.Fade_Flag
                0x00800101        0x1 main.o
                0x00800101                Fade_Flag
 .bss.RX_Timer  0x00800102        0x1 main.o
                0x00800102                RX_Timer
 .bss.ShiftReg  0x00800103       0x10 main.o
                0x00800103                ShiftReg
 .bss.PWM_Timer
                0x00800113        0x1 main.o
                0x00800113                PWM_Timer
 .bss.Datenlaenge
                0x00800114        0x1 RxTx.o
                0x00800114                Datenlaenge
 .bss.WritePos  0x00800115        0x1 RxTx.o
                0x00800115                WritePos
 .bss.RxBuffer  0x00800116       0x80 RxTx.o
                0x00800116                RxBuffer
 *(COMMON)
 COMMON         0x00800196       0xa6 Interrupt.o
                0x00800196                HWord_Lumi
                0x00800198                ManuShow_Timer
                0x00800199                Pumpen_Flag
                0x0080019d                PWM_RGB1_Rot
                0x0080019e                PWM_RGB2_Gruen
                0x0080019f                PWM_RGB1_Blau
                0x008001a0                PWM_RGB2_Blau
                0x008001a1                HWord_Humi
                0x008001a3                LWord_GNDHumi
                0x008001a5                PWM_Lufter1
                0x008001a6                LWord_Humi
                0x008001a8                Modi_Flag
                0x008001a9                PWM_RGB1_Gruen
                0x008001aa                HWord_Temp
                0x008001ac                LWord_Lumi
                0x008001ae                LWord_Temp
                0x008001b0                Moduladresse
                0x008001b1                TxBuffer
                0x00800231                PWM_Pumpe
                0x00800232                Pumpen_Counter
                0x00800236                PWM_RGB2_Rot
                0x00800237                HWord_GNDHumi
                0x00800239                PWM_Lufter2
                0x0080023a                RX_Feedback_Flag
                0x0080023b                RX_Flag
                0x0080023c                PROVIDE (__bss_end, .)
                0x00001b34                __data_load_start = LOADADDR (.data)
                0x00001b34                __data_load_end = (__data_load_start + SIZEOF (.data))

.noinit         0x0080023c        0x0
                [!provide]                PROVIDE (__noinit_start, .)
 *(.noinit*)
                [!provide]                PROVIDE (__noinit_end, .)
                0x0080023c                _end = .
                [!provide]                PROVIDE (__heap_start, .)

.eeprom         0x00810000       0x11
 *(.eeprom*)
 .eeprom        0x00810000        0x1 MyInit.o
                0x00810000                MODULADRESSE
 .eeprom        0x00810001       0x10 Sub.o
                0x00810001                LWORD_TEMP
                0x00810003                HWORD_TEMP
                0x00810005                LWORD_LUMI
                0x00810007                HWORD_LUMI
                0x00810009                LWORD_GNDHUMI
                0x0081000b                HWORD_GNDHUMI
                0x0081000d                LWORD_HUMI
                0x0081000f                HWORD_HUMI
                0x00810011                __eeprom_end = .

.fuse
 *(.fuse)
 *(.lfuse)
 *(.hfuse)
 *(.efuse)

.lock
 *(.lock*)

.signature
 *(.signature*)

.user_signatures
 *(.user_signatures*)

.stab
 *(.stab)

.stabstr
 *(.stabstr)

.stab.excl
 *(.stab.excl)

.stab.exclstr
 *(.stab.exclstr)

.stab.index
 *(.stab.index)

.stab.indexstr
 *(.stab.indexstr)

.comment        0x00000000       0x30
 *(.comment)
 .comment       0x00000000       0x30 Interrupt.o
                                 0x31 (size before relaxing)
 .comment       0x00000030       0x31 I2C.o
 .comment       0x00000030       0x31 main.o
 .comment       0x00000030       0x31 MyInit.o
 .comment       0x00000030       0x31 Port_Funktion.o
 .comment       0x00000030       0x31 Reset.o
 .comment       0x00000030       0x31 RxTx.o
 .comment       0x00000030       0x31 Sub.o

.note.gnu.avr.deviceinfo
                0x00000000       0x3c
 .note.gnu.avr.deviceinfo
                0x00000000       0x3c C:/Program Files (x86)/Atmel/Studio/7.0/Packs/Atmel/ATmega_DFP/1.3.300/gcc/dev/atmega64/avr5/crtatmega64.o

.note.gnu.build-id
 *(.note.gnu.build-id)

.debug
 *(.debug)

.line
 *(.line)

.debug_srcinfo
 *(.debug_srcinfo)

.debug_sfnames
 *(.debug_sfnames)

.debug_aranges  0x00000000      0x3e0
 *(.debug_aranges)
 .debug_aranges
                0x00000000       0x30 Interrupt.o
 .debug_aranges
                0x00000030       0x78 I2C.o
 .debug_aranges
                0x000000a8       0x28 main.o
 .debug_aranges
                0x000000d0       0x30 MyInit.o
 .debug_aranges
                0x00000100      0x128 Port_Funktion.o
 .debug_aranges
                0x00000228       0x20 Reset.o
 .debug_aranges
                0x00000248       0x38 RxTx.o
 .debug_aranges
                0x00000280       0xc0 Sub.o
 .debug_aranges
                0x00000340       0x20 C:/Program Files (x86)/Atmel/Studio/7.0/Packs/Atmel/ATmega_DFP/1.3.300/gcc/dev/atmega64/avr5\libatmega64.a(eerd_byte.o)
 .debug_aranges
                0x00000360       0x20 C:/Program Files (x86)/Atmel/Studio/7.0/Packs/Atmel/ATmega_DFP/1.3.300/gcc/dev/atmega64/avr5\libatmega64.a(eerd_word.o)
 .debug_aranges
                0x00000380       0x20 C:/Program Files (x86)/Atmel/Studio/7.0/Packs/Atmel/ATmega_DFP/1.3.300/gcc/dev/atmega64/avr5\libatmega64.a(eewr_byte.o)
 .debug_aranges
                0x000003a0       0x20 C:/Program Files (x86)/Atmel/Studio/7.0/Packs/Atmel/ATmega_DFP/1.3.300/gcc/dev/atmega64/avr5\libatmega64.a(eewr_word.o)
 .debug_aranges
                0x000003c0       0x20 C:/Program Files (x86)/Atmel/Studio/7.0/Packs/Atmel/ATmega_DFP/1.3.300/gcc/dev/atmega64/avr5\libatmega64.a(eerd_block.o)

.debug_pubnames
 *(.debug_pubnames)

.debug_info     0x00000000     0x5524
 *(.debug_info .gnu.linkonce.wi.*)
 .debug_info    0x00000000      0x780 C:/Program Files (x86)/Atmel/Studio/7.0/Packs/Atmel/ATmega_DFP/1.3.300/gcc/dev/atmega64/avr5/crtatmega64.o
 .debug_info    0x00000780      0x543 Interrupt.o
 .debug_info    0x00000cc3      0x664 I2C.o
 .debug_info    0x00001327      0x775 main.o
 .debug_info    0x00001a9c      0x52f MyInit.o
 .debug_info    0x00001fcb      0xb94 Port_Funktion.o
 .debug_info    0x00002b5f      0x312 Reset.o
 .debug_info    0x00002e71      0x8ac RxTx.o
 .debug_info    0x0000371d     0x1b0e Sub.o
 .debug_info    0x0000522b       0x98 C:/Program Files (x86)/Atmel/Studio/7.0/Packs/Atmel/ATmega_DFP/1.3.300/gcc/dev/atmega64/avr5\libatmega64.a(eerd_byte.o)
 .debug_info    0x000052c3       0x98 C:/Program Files (x86)/Atmel/Studio/7.0/Packs/Atmel/ATmega_DFP/1.3.300/gcc/dev/atmega64/avr5\libatmega64.a(eerd_word.o)
 .debug_info    0x0000535b       0x98 C:/Program Files (x86)/Atmel/Studio/7.0/Packs/Atmel/ATmega_DFP/1.3.300/gcc/dev/atmega64/avr5\libatmega64.a(eewr_byte.o)
 .debug_info    0x000053f3       0x98 C:/Program Files (x86)/Atmel/Studio/7.0/Packs/Atmel/ATmega_DFP/1.3.300/gcc/dev/atmega64/avr5\libatmega64.a(eewr_word.o)
 .debug_info    0x0000548b       0x99 C:/Program Files (x86)/Atmel/Studio/7.0/Packs/Atmel/ATmega_DFP/1.3.300/gcc/dev/atmega64/avr5\libatmega64.a(eerd_block.o)

.debug_abbrev   0x00000000     0x1276
 *(.debug_abbrev)
 .debug_abbrev  0x00000000      0x718 C:/Program Files (x86)/Atmel/Studio/7.0/Packs/Atmel/ATmega_DFP/1.3.300/gcc/dev/atmega64/avr5/crtatmega64.o
 .debug_abbrev  0x00000718      0x14d Interrupt.o
 .debug_abbrev  0x00000865      0x192 I2C.o
 .debug_abbrev  0x000009f7      0x100 main.o
 .debug_abbrev  0x00000af7      0x135 MyInit.o
 .debug_abbrev  0x00000c2c      0x1d1 Port_Funktion.o
 .debug_abbrev  0x00000dfd       0x7b Reset.o
 .debug_abbrev  0x00000e78      0x176 RxTx.o
 .debug_abbrev  0x00000fee      0x224 Sub.o
 .debug_abbrev  0x00001212       0x14 C:/Program Files (x86)/Atmel/Studio/7.0/Packs/Atmel/ATmega_DFP/1.3.300/gcc/dev/atmega64/avr5\libatmega64.a(eerd_byte.o)
 .debug_abbrev  0x00001226       0x14 C:/Program Files (x86)/Atmel/Studio/7.0/Packs/Atmel/ATmega_DFP/1.3.300/gcc/dev/atmega64/avr5\libatmega64.a(eerd_word.o)
 .debug_abbrev  0x0000123a       0x14 C:/Program Files (x86)/Atmel/Studio/7.0/Packs/Atmel/ATmega_DFP/1.3.300/gcc/dev/atmega64/avr5\libatmega64.a(eewr_byte.o)
 .debug_abbrev  0x0000124e       0x14 C:/Program Files (x86)/Atmel/Studio/7.0/Packs/Atmel/ATmega_DFP/1.3.300/gcc/dev/atmega64/avr5\libatmega64.a(eewr_word.o)
 .debug_abbrev  0x00001262       0x14 C:/Program Files (x86)/Atmel/Studio/7.0/Packs/Atmel/ATmega_DFP/1.3.300/gcc/dev/atmega64/avr5\libatmega64.a(eerd_block.o)

.debug_line     0x00000000     0x2da7
 *(.debug_line .debug_line.* .debug_line_end)
 .debug_line    0x00000000      0x169 C:/Program Files (x86)/Atmel/Studio/7.0/Packs/Atmel/ATmega_DFP/1.3.300/gcc/dev/atmega64/avr5/crtatmega64.o
 .debug_line    0x00000169      0x39f Interrupt.o
 .debug_line    0x00000508      0x293 I2C.o
 .debug_line    0x0000079b      0x22f main.o
 .debug_line    0x000009ca      0x231 MyInit.o
 .debug_line    0x00000bfb      0x6df Port_Funktion.o
 .debug_line    0x000012da      0x147 Reset.o
 .debug_line    0x00001421      0x8fb RxTx.o
 .debug_line    0x00001d1c      0xe0c Sub.o
 .debug_line    0x00002b28       0x7a C:/Program Files (x86)/Atmel/Studio/7.0/Packs/Atmel/ATmega_DFP/1.3.300/gcc/dev/atmega64/avr5\libatmega64.a(eerd_byte.o)
 .debug_line    0x00002ba2       0x67 C:/Program Files (x86)/Atmel/Studio/7.0/Packs/Atmel/ATmega_DFP/1.3.300/gcc/dev/atmega64/avr5\libatmega64.a(eerd_word.o)
 .debug_line    0x00002c09       0x98 C:/Program Files (x86)/Atmel/Studio/7.0/Packs/Atmel/ATmega_DFP/1.3.300/gcc/dev/atmega64/avr5\libatmega64.a(eewr_byte.o)
 .debug_line    0x00002ca1       0x5b C:/Program Files (x86)/Atmel/Studio/7.0/Packs/Atmel/ATmega_DFP/1.3.300/gcc/dev/atmega64/avr5\libatmega64.a(eewr_word.o)
 .debug_line    0x00002cfc       0xab C:/Program Files (x86)/Atmel/Studio/7.0/Packs/Atmel/ATmega_DFP/1.3.300/gcc/dev/atmega64/avr5\libatmega64.a(eerd_block.o)

.debug_frame    0x00000000      0x70c
 *(.debug_frame)
 .debug_frame   0x00000000       0xdc Interrupt.o
 .debug_frame   0x000000dc      0x100 I2C.o
 .debug_frame   0x000001dc       0x34 main.o
 .debug_frame   0x00000210       0x44 MyInit.o
 .debug_frame   0x00000254      0x234 Port_Funktion.o
 .debug_frame   0x00000488       0x24 Reset.o
 .debug_frame   0x000004ac       0x88 RxTx.o
 .debug_frame   0x00000534      0x1d8 Sub.o

.debug_str      0x00000000      0xbe4
 *(.debug_str)
 .debug_str     0x00000000      0x27e C:/Program Files (x86)/Atmel/Studio/7.0/Packs/Atmel/ATmega_DFP/1.3.300/gcc/dev/atmega64/avr5/crtatmega64.o
 .debug_str     0x0000027e      0x368 Interrupt.o
                                0x3a9 (size before relaxing)
 .debug_str     0x000005e6       0xeb I2C.o
                                0x400 (size before relaxing)
 .debug_str     0x000006d1      0x12b main.o
                                0x45a (size before relaxing)
 .debug_str     0x000007fc       0x73 MyInit.o
                                0x3dc (size before relaxing)
 .debug_str     0x0000086f      0x12b Port_Funktion.o
                                0x52c (size before relaxing)
 .debug_str     0x0000099a        0xd Reset.o
                                0x328 (size before relaxing)
 .debug_str     0x000009a7       0xaf RxTx.o
                                0x4c5 (size before relaxing)
 .debug_str     0x00000a56      0x18e Sub.o
                                0x73a (size before relaxing)

.debug_loc      0x00000000     0x1aa5
 *(.debug_loc)
 .debug_loc     0x00000000      0x318 Interrupt.o
 .debug_loc     0x00000318      0x2a6 I2C.o
 .debug_loc     0x000005be       0xdc MyInit.o
 .debug_loc     0x0000069a      0x34a Port_Funktion.o
 .debug_loc     0x000009e4      0x2a9 RxTx.o
 .debug_loc     0x00000c8d      0xe18 Sub.o

.debug_macinfo
 *(.debug_macinfo)

.debug_weaknames
 *(.debug_weaknames)

.debug_funcnames
 *(.debug_funcnames)

.debug_typenames
 *(.debug_typenames)

.debug_varnames
 *(.debug_varnames)

.debug_pubtypes
 *(.debug_pubtypes)

.debug_ranges   0x00000000      0x2c0
 *(.debug_ranges)
 .debug_ranges  0x00000000       0x20 Interrupt.o
 .debug_ranges  0x00000020       0x68 I2C.o
 .debug_ranges  0x00000088       0x18 main.o
 .debug_ranges  0x000000a0       0x20 MyInit.o
 .debug_ranges  0x000000c0      0x118 Port_Funktion.o
 .debug_ranges  0x000001d8       0x10 Reset.o
 .debug_ranges  0x000001e8       0x28 RxTx.o
 .debug_ranges  0x00000210       0xb0 Sub.o

.debug_macro
 *(.debug_macro)
OUTPUT(SBIO_3.elf elf32-avr)
LOAD linker stubs
